
> primex-anarchy-store@0.1.0 build
> next build

   Γû▓ Next.js 16.0.10 (Turbopack)
   - Environments: .env

   Creating an optimized production build ...
node.exe : 
At C:\Users\farha\One
Drive\Desktop\open-ti
cket-main\npm.ps1:29 
char:3
+   & $NODE_EXE 
$NPM_CLI_JS $args
+   ~~~~~~~~~~~~~~~~~
~~~~~~~~~~~~
    + CategoryInfo   
           : NotSpe  
  cified: (:String   
 ) [], RemoteExce    
ption
    + FullyQualified 
   ErrorId : Native  
  CommandError
 
> Build error 
occurred
Error: Turbopack 
build failed with 1 
errors:
./node_modules/@disco
rdjs/ws/dist/index.js
:573:54
Module not found: 
Can't resolve 
'zlib-sync'
[0m [90m 571 |[39m
 [90m 572 |[39m 
[90m// src/ws/WebSoc
ketShard.ts[39m
[31m[1m>[22m[39m
[90m 573 |[39m 
[36mvar[39m 
getZlibSync 
[33m=[39m ([35m0[
39m[33m,[39m import
_util2[33m.[39mlazy
)([36masync[39m () 
[33m=>[39m [36mimp
ort[39m([32m"zlib-s
ync"[39m)[33m.[39m
then((mod) 
[33m=>[39m mod[33m
.[39m[36mdefault[3
9m)[33m.[39m[36mca
tch[39m(() 
[33m=>[39m [36mnul
l[39m))[33m;[39m
 [90m     |[39m    
                     
                     
        [31m[1m^[2
2m[39m[31m[1m^[22
m[39m[31m[1m^[22m
[39m[31m[1m^[22m
[39m[31m[1m^[22m[
39m[31m[1m^[22m[3
9m[31m[1m^[22m[39
m[31m[1m^[22m[39m
[31m[1m^[22m[39m
[31m[1m^[22m[39m[
31m[1m^[22m[39m[3
1m[1m^[22m[39m[31
m[1m^[22m[39m[31m
[1m^[22m[39m[31m
[1m^[22m[39m[31m[
1m^[22m[39m[31m[1
m^[22m[39m[31m[1m
^[22m[39m[31m[1m^
[22m[39m
 [90m 574 |[39m 
[36mvar[39m [33mWe
bSocketShardEvents[3
9m [33m=[39m 
[90m/* @__PURE__ 
*/[39m (([33mWebSoc
ketShardEvents2[39m)
 [33m=>[39m {
 [90m 575 |[39m   
[33mWebSocketShardEve
nts2[39m[[32m"Close
d"[39m] [33m=[39m 
[32m"closed"[39m[3
3m;[39m
 [90m 576 |[39m   
[33mWebSocketShardEve
nts2[39m[[32m"Debug
"[39m] [33m=[39m 
[32m"debug"[39m[33m
;[39m[0m



Import trace:
  App Route:
    ./node_modules/@d
iscordjs/ws/dist/inde
x.js
    ./node_modules/di
scord.js/src/index.js
    ./lib/discord.ts
    ./app/api/admin/p
ayment-action/route.t
s

https://nextjs.org/do
cs/messages/module-no
t-found


    at 
./node_modules/ (disc
ordjs/ws/dist/index.j
s:573:54)
    at <unknown> (htt
ps://nextjs.org/docs/
messages/module-not-f
ound)
